2026-03-19 09:43:13 [INFO] Fold 4: 388 train  /  96 val
2026-03-19 10:02:27 [INFO] Epoch    1/10  train_loss=0.7816  val_dice=0.5279
2026-03-19 10:02:28 [INFO]   >> saved best model  (dice=0.5279)
2026-03-19 10:21:41 [INFO] Epoch    2/10  train_loss=0.5957  val_dice=0.6100
2026-03-19 10:21:42 [INFO]   >> saved best model  (dice=0.6100)
2026-03-19 10:40:57 [INFO] Epoch    3/10  train_loss=0.5119  val_dice=0.6481
2026-03-19 10:40:57 [INFO]   >> saved best model  (dice=0.6481)
2026-03-19 11:00:07 [INFO] Epoch    4/10  train_loss=0.4405  val_dice=0.7097
2026-03-19 11:00:07 [INFO]   >> saved best model  (dice=0.7097)
2026-03-19 11:19:22 [INFO] Epoch    5/10  train_loss=0.3708  val_dice=0.7232
2026-03-19 11:19:22 [INFO]   >> saved best model  (dice=0.7232)
2026-03-19 11:38:34 [INFO] Epoch    6/10  train_loss=0.3070  val_dice=0.7526
2026-03-19 11:38:35 [INFO]   >> saved best model  (dice=0.7526)
2026-03-19 11:57:47 [INFO] Epoch    7/10  train_loss=0.2581  val_dice=0.7557
2026-03-19 11:57:48 [INFO]   >> saved best model  (dice=0.7557)
2026-03-19 12:17:01 [INFO] Epoch    8/10  train_loss=0.2301  val_dice=0.7608
2026-03-19 12:17:01 [INFO]   >> saved best model  (dice=0.7608)
2026-03-19 12:36:13 [INFO] Epoch    9/10  train_loss=0.2112  val_dice=0.7610
2026-03-19 12:36:13 [INFO]   >> saved best model  (dice=0.7610)
2026-03-19 12:55:29 [INFO] Epoch   10/10  train_loss=0.2020  val_dice=0.7673
2026-03-19 12:55:30 [INFO]   >> saved best model  (dice=0.7673)
2026-03-19 12:55:30 [INFO] Fold 4 finished — best val dice: 0.7673
2026-03-28 13:18:20 [INFO] Fold 4: 388 train  /  96 val
2026-03-28 13:40:08 [INFO] Epoch    1/15  train_loss=0.7491  val_dice=0.6455
2026-03-28 13:40:08 [INFO]   >> saved best model  (dice=0.6455)
2026-03-28 14:01:55 [INFO] Epoch    2/15  train_loss=0.5637  val_dice=0.6967
2026-03-28 14:01:55 [INFO]   >> saved best model  (dice=0.6967)
2026-03-28 14:23:38 [INFO] Epoch    3/15  train_loss=0.4833  val_dice=0.7073
2026-03-28 14:23:38 [INFO]   >> saved best model  (dice=0.7073)
2026-03-28 14:45:26 [INFO] Epoch    4/15  train_loss=0.4169  val_dice=0.7331
2026-03-28 14:45:26 [INFO]   >> saved best model  (dice=0.7331)
2026-03-28 15:07:10 [INFO] Epoch    5/15  train_loss=0.3493  val_dice=0.7354
2026-03-28 15:07:10 [INFO]   >> saved best model  (dice=0.7354)
2026-03-28 15:29:03 [INFO] Epoch    6/15  train_loss=0.2942  val_dice=0.7379
2026-03-28 15:29:03 [INFO]   >> saved best model  (dice=0.7379)
2026-03-28 15:50:49 [INFO] Epoch    7/15  train_loss=0.2583  val_dice=0.7576
2026-03-28 15:50:50 [INFO]   >> saved best model  (dice=0.7576)
2026-03-28 16:12:36 [INFO] Epoch    8/15  train_loss=0.2321  val_dice=0.7659
2026-03-28 16:12:36 [INFO]   >> saved best model  (dice=0.7659)
2026-03-28 16:34:23 [INFO] Epoch    9/15  train_loss=0.2196  val_dice=0.7748
2026-03-28 16:34:23 [INFO]   >> saved best model  (dice=0.7748)
2026-03-28 16:56:09 [INFO] Epoch   10/15  train_loss=0.2090  val_dice=0.7743
2026-03-28 17:17:55 [INFO] Epoch   11/15  train_loss=0.2024  val_dice=0.7730
2026-03-28 17:39:42 [INFO] Epoch   12/15  train_loss=0.1951  val_dice=0.7801
2026-03-28 17:39:42 [INFO]   >> saved best model  (dice=0.7801)
2026-03-28 18:01:36 [INFO] Epoch   13/15  train_loss=0.1898  val_dice=0.7857
2026-03-28 18:01:37 [INFO]   >> saved best model  (dice=0.7857)
2026-03-28 18:23:30 [INFO] Epoch   14/15  train_loss=0.1877  val_dice=0.7785
2026-03-28 18:45:16 [INFO] Epoch   15/15  train_loss=0.1844  val_dice=0.7823
2026-03-28 18:45:16 [INFO] Fold 4 finished — best val dice: 0.7857
