2026-03-18 23:17:00 [INFO] Fold 2: 388 train  /  96 val
2026-03-18 23:36:21 [INFO] Epoch    1/10  train_loss=0.6866  val_dice=0.5471
2026-03-18 23:36:21 [INFO]   >> saved best model  (dice=0.5471)
2026-03-18 23:55:34 [INFO] Epoch    2/10  train_loss=0.5083  val_dice=0.6563
2026-03-18 23:55:34 [INFO]   >> saved best model  (dice=0.6563)
2026-03-19 03:18:39 [INFO] Fold 2: 388 train  /  96 val
2026-03-19 03:37:59 [INFO] Epoch    1/10  train_loss=0.6287  val_dice=0.6508
2026-03-19 03:37:59 [INFO]   >> saved best model  (dice=0.6508)
2026-03-19 03:57:11 [INFO] Epoch    2/10  train_loss=0.4799  val_dice=0.7154
2026-03-19 03:57:12 [INFO]   >> saved best model  (dice=0.7154)
2026-03-19 04:16:22 [INFO] Epoch    3/10  train_loss=0.4022  val_dice=0.7381
2026-03-19 04:16:23 [INFO]   >> saved best model  (dice=0.7381)
2026-03-19 04:35:34 [INFO] Epoch    4/10  train_loss=0.3317  val_dice=0.7645
2026-03-19 04:35:34 [INFO]   >> saved best model  (dice=0.7645)
2026-03-19 04:54:55 [INFO] Epoch    5/10  train_loss=0.2777  val_dice=0.7214
2026-03-19 05:14:08 [INFO] Epoch    6/10  train_loss=0.2423  val_dice=0.7632
2026-03-19 05:33:20 [INFO] Epoch    7/10  train_loss=0.2237  val_dice=0.7695
2026-03-19 05:33:21 [INFO]   >> saved best model  (dice=0.7695)
2026-03-19 05:52:34 [INFO] Epoch    8/10  train_loss=0.2108  val_dice=0.7826
2026-03-19 05:52:35 [INFO]   >> saved best model  (dice=0.7826)
2026-03-19 06:11:47 [INFO] Epoch    9/10  train_loss=0.1995  val_dice=0.7687
2026-03-19 06:30:58 [INFO] Epoch   10/10  train_loss=0.1925  val_dice=0.7818
2026-03-19 06:30:58 [INFO] Fold 2 finished — best val dice: 0.7826
2026-03-28 02:24:08 [INFO] Fold 2: 388 train  /  96 val
2026-03-28 02:45:57 [INFO] Epoch    1/15  train_loss=0.7087  val_dice=0.5639
2026-03-28 02:45:58 [INFO]   >> saved best model  (dice=0.5639)
2026-03-28 03:07:44 [INFO] Epoch    2/15  train_loss=0.5503  val_dice=0.6633
2026-03-28 03:07:45 [INFO]   >> saved best model  (dice=0.6633)
2026-03-28 03:29:30 [INFO] Epoch    3/15  train_loss=0.4674  val_dice=0.7026
2026-03-28 03:29:31 [INFO]   >> saved best model  (dice=0.7026)
2026-03-28 03:51:16 [INFO] Epoch    4/15  train_loss=0.3956  val_dice=0.7380
2026-03-28 03:51:16 [INFO]   >> saved best model  (dice=0.7380)
2026-03-28 04:13:04 [INFO] Epoch    5/15  train_loss=0.3291  val_dice=0.7601
2026-03-28 04:13:04 [INFO]   >> saved best model  (dice=0.7601)
2026-03-28 04:34:57 [INFO] Epoch    6/15  train_loss=0.2823  val_dice=0.7744
2026-03-28 04:34:57 [INFO]   >> saved best model  (dice=0.7744)
2026-03-28 04:56:42 [INFO] Epoch    7/15  train_loss=0.2494  val_dice=0.7797
2026-03-28 04:56:42 [INFO]   >> saved best model  (dice=0.7797)
2026-03-28 05:18:33 [INFO] Epoch    8/15  train_loss=0.2315  val_dice=0.7944
2026-03-28 05:18:33 [INFO]   >> saved best model  (dice=0.7944)
2026-03-28 05:40:23 [INFO] Epoch    9/15  train_loss=0.2178  val_dice=0.7864
2026-03-28 06:02:10 [INFO] Epoch   10/15  train_loss=0.2088  val_dice=0.8032
2026-03-28 06:02:10 [INFO]   >> saved best model  (dice=0.8032)
2026-03-28 06:23:59 [INFO] Epoch   11/15  train_loss=0.2031  val_dice=0.7883
2026-03-28 06:45:48 [INFO] Epoch   12/15  train_loss=0.1990  val_dice=0.7990
2026-03-28 07:07:40 [INFO] Epoch   13/15  train_loss=0.1939  val_dice=0.7928
2026-03-28 07:29:28 [INFO] Epoch   14/15  train_loss=0.1902  val_dice=0.8071
2026-03-28 07:29:29 [INFO]   >> saved best model  (dice=0.8071)
2026-03-28 07:51:19 [INFO] Epoch   15/15  train_loss=0.1872  val_dice=0.8153
2026-03-28 07:51:19 [INFO]   >> saved best model  (dice=0.8153)
2026-03-28 07:51:19 [INFO] Fold 2 finished — best val dice: 0.8153
