2026-03-18 19:47:15 [INFO] Fold 1: 388 train  /  96 val
2026-03-18 20:04:28 [INFO] Fold 1: 388 train  /  96 val
2026-03-18 20:23:39 [INFO] Epoch    1/10  train_loss=0.8355  val_dice=0.4646
2026-03-18 20:23:39 [INFO]   >> saved best model  (dice=0.4646)
2026-03-18 20:42:49 [INFO] Epoch    2/10  train_loss=0.6332  val_dice=0.6262
2026-03-18 20:42:50 [INFO]   >> saved best model  (dice=0.6262)
2026-03-18 21:02:00 [INFO] Epoch    3/10  train_loss=0.5382  val_dice=0.6237
2026-03-18 21:21:12 [INFO] Epoch    4/10  train_loss=0.4618  val_dice=0.6675
2026-03-18 21:21:12 [INFO]   >> saved best model  (dice=0.6675)
2026-03-18 21:40:22 [INFO] Epoch    5/10  train_loss=0.3881  val_dice=0.7103
2026-03-18 21:40:23 [INFO]   >> saved best model  (dice=0.7103)
2026-03-18 22:00:00 [INFO] Epoch    6/10  train_loss=0.3216  val_dice=0.7232
2026-03-18 22:00:00 [INFO]   >> saved best model  (dice=0.7232)
2026-03-18 22:19:14 [INFO] Epoch    7/10  train_loss=0.2687  val_dice=0.7196
2026-03-18 22:38:25 [INFO] Epoch    8/10  train_loss=0.2385  val_dice=0.7564
2026-03-18 22:38:26 [INFO]   >> saved best model  (dice=0.7564)
2026-03-18 22:57:42 [INFO] Epoch    9/10  train_loss=0.2185  val_dice=0.7500
2026-03-18 23:16:56 [INFO] Epoch   10/10  train_loss=0.2054  val_dice=0.7683
2026-03-18 23:16:56 [INFO]   >> saved best model  (dice=0.7683)
2026-03-18 23:16:56 [INFO] Fold 1 finished — best val dice: 0.7683
2026-03-19 00:06:01 [INFO] Fold 1: 388 train  /  96 val
2026-03-19 00:25:16 [INFO] Epoch    1/10  train_loss=0.6731  val_dice=0.5933
2026-03-19 00:25:16 [INFO]   >> saved best model  (dice=0.5933)
2026-03-19 00:44:34 [INFO] Epoch    2/10  train_loss=0.5294  val_dice=0.6501
2026-03-19 00:44:34 [INFO]   >> saved best model  (dice=0.6501)
2026-03-19 01:03:49 [INFO] Epoch    3/10  train_loss=0.4513  val_dice=0.6805
2026-03-19 01:03:50 [INFO]   >> saved best model  (dice=0.6805)
2026-03-19 01:23:05 [INFO] Epoch    4/10  train_loss=0.3751  val_dice=0.6944
2026-03-19 01:23:05 [INFO]   >> saved best model  (dice=0.6944)
2026-03-19 01:42:20 [INFO] Epoch    5/10  train_loss=0.3098  val_dice=0.7034
2026-03-19 01:42:21 [INFO]   >> saved best model  (dice=0.7034)
2026-03-19 02:01:39 [INFO] Epoch    6/10  train_loss=0.2650  val_dice=0.7402
2026-03-19 02:01:39 [INFO]   >> saved best model  (dice=0.7402)
2026-03-19 02:20:55 [INFO] Epoch    7/10  train_loss=0.2339  val_dice=0.7557
2026-03-19 02:20:56 [INFO]   >> saved best model  (dice=0.7557)
2026-03-19 02:40:09 [INFO] Epoch    8/10  train_loss=0.2175  val_dice=0.7469
2026-03-19 02:59:20 [INFO] Epoch    9/10  train_loss=0.2051  val_dice=0.7523
2026-03-19 03:18:35 [INFO] Epoch   10/10  train_loss=0.1979  val_dice=0.7699
2026-03-19 03:18:35 [INFO]   >> saved best model  (dice=0.7699)
2026-03-19 03:18:35 [INFO] Fold 1 finished — best val dice: 0.7699
2026-03-27 20:52:25 [INFO] Fold 1: 388 train  /  96 val
2026-03-27 20:57:43 [INFO] Fold 1: 388 train  /  96 val
2026-03-27 21:19:24 [INFO] Epoch    1/15  train_loss=0.7931  val_dice=0.5613
2026-03-27 21:19:24 [INFO]   >> saved best model  (dice=0.5613)
2026-03-27 21:41:04 [INFO] Epoch    2/15  train_loss=0.5869  val_dice=0.6313
2026-03-27 21:41:05 [INFO]   >> saved best model  (dice=0.6313)
2026-03-27 22:02:52 [INFO] Epoch    3/15  train_loss=0.4903  val_dice=0.6818
2026-03-27 22:02:53 [INFO]   >> saved best model  (dice=0.6818)
2026-03-27 22:24:41 [INFO] Epoch    4/15  train_loss=0.4162  val_dice=0.7036
2026-03-27 22:24:42 [INFO]   >> saved best model  (dice=0.7036)
2026-03-27 22:46:28 [INFO] Epoch    5/15  train_loss=0.3492  val_dice=0.6872
2026-03-27 23:08:13 [INFO] Epoch    6/15  train_loss=0.2984  val_dice=0.7303
2026-03-27 23:08:14 [INFO]   >> saved best model  (dice=0.7303)
2026-03-27 23:29:56 [INFO] Epoch    7/15  train_loss=0.2628  val_dice=0.7255
2026-03-27 23:51:37 [INFO] Epoch    8/15  train_loss=0.2395  val_dice=0.7626
2026-03-27 23:51:37 [INFO]   >> saved best model  (dice=0.7626)
2026-03-28 00:13:33 [INFO] Epoch    9/15  train_loss=0.2237  val_dice=0.7693
2026-03-28 00:13:34 [INFO]   >> saved best model  (dice=0.7693)
2026-03-28 00:35:15 [INFO] Epoch   10/15  train_loss=0.2107  val_dice=0.7670
2026-03-28 00:57:03 [INFO] Epoch   11/15  train_loss=0.2041  val_dice=0.7372
2026-03-28 01:18:44 [INFO] Epoch   12/15  train_loss=0.1995  val_dice=0.7725
2026-03-28 01:18:44 [INFO]   >> saved best model  (dice=0.7725)
2026-03-28 01:40:28 [INFO] Epoch   13/15  train_loss=0.1943  val_dice=0.7793
2026-03-28 01:40:28 [INFO]   >> saved best model  (dice=0.7793)
2026-03-28 02:02:17 [INFO] Epoch   14/15  train_loss=0.1924  val_dice=0.7892
2026-03-28 02:02:17 [INFO]   >> saved best model  (dice=0.7892)
2026-03-28 02:24:08 [INFO] Epoch   15/15  train_loss=0.1903  val_dice=0.7680
2026-03-28 02:24:08 [INFO] Fold 1 finished — best val dice: 0.7892
