2026-03-19 12:55:33 [INFO] Fold 5: 384 train  /  100 val
2026-03-19 13:14:55 [INFO] Epoch    1/10  train_loss=0.6848  val_dice=0.5240
2026-03-19 13:14:55 [INFO]   >> saved best model  (dice=0.5240)
2026-03-19 13:34:13 [INFO] Epoch    2/10  train_loss=0.5292  val_dice=0.6470
2026-03-19 13:34:13 [INFO]   >> saved best model  (dice=0.6470)
2026-03-19 13:53:33 [INFO] Epoch    3/10  train_loss=0.4430  val_dice=0.6796
2026-03-19 13:53:34 [INFO]   >> saved best model  (dice=0.6796)
2026-03-19 14:12:57 [INFO] Epoch    4/10  train_loss=0.3628  val_dice=0.7061
2026-03-19 14:12:58 [INFO]   >> saved best model  (dice=0.7061)
2026-03-19 14:32:15 [INFO] Epoch    5/10  train_loss=0.2986  val_dice=0.7115
2026-03-19 14:32:16 [INFO]   >> saved best model  (dice=0.7115)
2026-03-19 14:51:35 [INFO] Epoch    6/10  train_loss=0.2582  val_dice=0.7312
2026-03-19 14:51:36 [INFO]   >> saved best model  (dice=0.7312)
2026-03-19 15:10:58 [INFO] Epoch    7/10  train_loss=0.2342  val_dice=0.6919
2026-03-19 15:30:20 [INFO] Epoch    8/10  train_loss=0.2168  val_dice=0.7558
2026-03-19 15:30:20 [INFO]   >> saved best model  (dice=0.7558)
2026-03-19 15:49:40 [INFO] Epoch    9/10  train_loss=0.2088  val_dice=0.7612
2026-03-19 15:49:40 [INFO]   >> saved best model  (dice=0.7612)
2026-03-19 16:09:01 [INFO] Epoch   10/10  train_loss=0.2004  val_dice=0.7608
2026-03-19 16:09:01 [INFO] Fold 5 finished — best val dice: 0.7612
2026-03-28 18:45:16 [INFO] Fold 5: 384 train  /  100 val
2026-03-28 19:07:11 [INFO] Epoch    1/15  train_loss=0.6583  val_dice=0.6140
2026-03-28 19:07:11 [INFO]   >> saved best model  (dice=0.6140)
2026-03-28 19:29:06 [INFO] Epoch    2/15  train_loss=0.5088  val_dice=0.6404
2026-03-28 19:29:06 [INFO]   >> saved best model  (dice=0.6404)
2026-03-28 19:51:01 [INFO] Epoch    3/15  train_loss=0.4298  val_dice=0.6811
2026-03-28 19:51:02 [INFO]   >> saved best model  (dice=0.6811)
2026-03-28 20:12:59 [INFO] Epoch    4/15  train_loss=0.3569  val_dice=0.7040
2026-03-28 20:12:59 [INFO]   >> saved best model  (dice=0.7040)
2026-03-28 20:34:55 [INFO] Epoch    5/15  train_loss=0.3005  val_dice=0.7302
2026-03-28 20:34:56 [INFO]   >> saved best model  (dice=0.7302)
2026-03-28 20:56:59 [INFO] Epoch    6/15  train_loss=0.2598  val_dice=0.7426
2026-03-28 20:57:00 [INFO]   >> saved best model  (dice=0.7426)
2026-03-28 21:18:54 [INFO] Epoch    7/15  train_loss=0.2330  val_dice=0.7578
2026-03-28 21:18:54 [INFO]   >> saved best model  (dice=0.7578)
2026-03-28 21:40:53 [INFO] Epoch    8/15  train_loss=0.2189  val_dice=0.7628
2026-03-28 21:40:53 [INFO]   >> saved best model  (dice=0.7628)
2026-03-28 22:02:51 [INFO] Epoch    9/15  train_loss=0.2101  val_dice=0.7667
2026-03-28 22:02:52 [INFO]   >> saved best model  (dice=0.7667)
2026-03-28 22:24:51 [INFO] Epoch   10/15  train_loss=0.2000  val_dice=0.7699
2026-03-28 22:24:51 [INFO]   >> saved best model  (dice=0.7699)
2026-03-28 22:46:50 [INFO] Epoch   11/15  train_loss=0.1950  val_dice=0.7661
2026-03-28 23:08:45 [INFO] Epoch   12/15  train_loss=0.1911  val_dice=0.7808
2026-03-28 23:08:45 [INFO]   >> saved best model  (dice=0.7808)
2026-03-28 23:30:44 [INFO] Epoch   13/15  train_loss=0.1861  val_dice=0.7881
2026-03-28 23:30:45 [INFO]   >> saved best model  (dice=0.7881)
2026-03-28 23:52:44 [INFO] Epoch   14/15  train_loss=0.1853  val_dice=0.7771
2026-03-29 00:14:41 [INFO] Epoch   15/15  train_loss=0.1821  val_dice=0.7951
2026-03-29 00:14:42 [INFO]   >> saved best model  (dice=0.7951)
2026-03-29 00:14:42 [INFO] Fold 5 finished — best val dice: 0.7951
